engine  calls=1 conc= 1  turn p50   0.039 ms  p95   0.045  cpu/turn  0.040  lag p99   0.76 max   0.77
engine  calls=1 conc= 5  turn p50   0.185 ms  p95   0.209  cpu/turn  0.038  lag p99   2.98 max   2.98
engine  calls=1 conc=10  turn p50   0.380 ms  p95   0.478  cpu/turn  0.040  lag p99   6.86 max   6.86
engine  calls=1 conc=20  turn p50   0.748 ms  p95   0.820  cpu/turn  0.039  lag p99  11.03 max  11.03
direct  calls=1 conc= 1  turn p50   0.176 ms  p95   0.296  cpu/turn  0.202  lag p99   0.98 max   1.16
direct  calls=1 conc= 5  turn p50   0.784 ms  p95   0.821  cpu/turn  0.158  lag p99   2.86 max   3.39
direct  calls=1 conc=10  turn p50   1.500 ms  p95   1.575  cpu/turn  0.152  lag p99   4.03 max   4.17
direct  calls=1 conc=20  turn p50   3.026 ms  p95   3.201  cpu/turn  0.153  lag p99   9.46 max   9.46
runner  calls=1 conc= 1  turn p50   0.269 ms  p95   0.304  cpu/turn  0.275  lag p99   0.69 max   1.13
runner  calls=1 conc= 5  turn p50   1.176 ms  p95   1.250  cpu/turn  0.236  lag p99   3.23 max   3.37
runner  calls=1 conc=10  turn p50   2.309 ms  p95   2.486  cpu/turn  0.233  lag p99   5.53 max   5.72
runner  calls=1 conc=20  turn p50   4.676 ms  p95   4.980  cpu/turn  0.238  lag p99  12.27 max  13.04
stream  calls=1 conc= 1  turn p50   0.314 ms  p95   0.365  cpu/turn  0.324  lag p99   0.97 max   1.24
stream  calls=1 conc= 5  turn p50   1.487 ms  p95   1.806  cpu/turn  0.303  lag p99   4.79 max   5.34
stream  calls=1 conc=10  turn p50   2.745 ms  p95   5.191  cpu/turn  0.325  lag p99  14.26 max  14.44
stream  calls=1 conc=20  turn p50   5.651 ms  p95  10.237  cpu/turn  0.315  lag p99  25.97 max  26.33
engine  calls=3 conc= 1  turn p50   0.035 ms  p95   0.040  cpu/turn  0.036  lag p99   0.60 max   0.84
engine  calls=3 conc= 5  turn p50   0.167 ms  p95   0.192  cpu/turn  0.034  lag p99   2.96 max   2.96
engine  calls=3 conc=10  turn p50   0.327 ms  p95   0.382  cpu/turn  0.034  lag p99   4.63 max   4.63
engine  calls=3 conc=20  turn p50   0.687 ms  p95   0.747  cpu/turn  0.035  lag p99   9.92 max   9.92
direct  calls=3 conc= 1  turn p50   0.295 ms  p95   0.418  cpu/turn  0.321  lag p99   0.66 max   0.92
direct  calls=3 conc= 5  turn p50   1.243 ms  p95   1.308  cpu/turn  0.251  lag p99   1.65 max   1.73
direct  calls=3 conc=10  turn p50   2.392 ms  p95   2.530  cpu/turn  0.243  lag p99   3.04 max   3.43
direct  calls=3 conc=20  turn p50   4.778 ms  p95   5.020  cpu/turn  0.242  lag p99   7.07 max   7.08
runner  calls=3 conc= 1  turn p50   0.426 ms  p95   0.473  cpu/turn  0.428  lag p99   0.50 max   0.80
runner  calls=3 conc= 5  turn p50   1.850 ms  p95   1.962  cpu/turn  0.386  lag p99   1.78 max  32.32
runner  calls=3 conc=10  turn p50   3.105 ms  p95   3.186  cpu/turn  0.324  lag p99   2.63 max  29.23
runner  calls=3 conc=20  turn p50   6.114 ms  p95   9.239  cpu/turn  0.322  lag p99   5.80 max  35.18
stream  calls=3 conc= 1  turn p50   0.434 ms  p95   0.457  cpu/turn  0.434  lag p99   0.56 max   0.89
stream  calls=3 conc= 5  turn p50   1.958 ms  p95   2.041  cpu/turn  0.407  lag p99   1.71 max  29.74
stream  calls=3 conc=10  turn p50   3.866 ms  p95   3.924  cpu/turn  0.401  lag p99   3.51 max  31.26
stream  calls=3 conc=20  turn p50   7.703 ms  p95  11.171  cpu/turn  0.403  lag p99   7.83 max  40.42
trace records per run: {1: 30, 3: 48}
idle lag (control): {'p50': 0.27701833844184875, 'p99': 0.3555060140788555, 'max': 1.3028189316391945}
